0: tArray 0
1: tArray 1
2: tArray 2
3: tArray 3
4: tArray 4
5: tArray 5
6: tArray 6
7: tArray 7
8: tArray 8
9: tArray 9
