PASSED: passed both success and failure cases for Class.forName
