PASSED: java.lang.ArrayIndexOutOfBoundsException: 26
