PASSED: timezone=java.util.SimpleTimeZone[id=GMT,offset=0,dstSavings=3600000,useDaylight=false,startYear=0,startMode=0,startMonth=0,startDay=0,startDayOfWeek=0,startTime=0,startTimeMode=0,endMode=0,endMonth=0,endDay=0,endDayOfWeek=0,endTime=0,endTimeMode=0]
