PASSED: new Socket()Socket[addr=www.hungry.com/199.181.107.40,port=80,localport=21491]
