PASSED: isAlive() working in initial thread
PASSED: isAlive() working in new thread
PASSED: Theads worked
