0	 public boolean tField.mboolean = true
1	 public byte tField.mbyte = 127
2	 public double tField.mdouble = 1.0
3	 public float tField.mfloat = 1.0
4	 public int tField.mint = 1
5	 public long tField.mlong = 1
6	 public short tField.mshort = 1
7	 public static boolean tField.sboolean = true
8	 public static byte tField.sbyte = 127
9	 public static double tField.sdouble = 1.0
10	 public static float tField.sfloat = 1.0
11	 public static int tField.sint = 1
12	 public static long tField.slong = 1
13	 public static short tField.sshort = 1

** Set Booleans to false **

OK:0	 public boolean tField.mboolean = false
1	 public byte tField.mbyte 	 java.lang.IllegalArgumentException: field type mismatch
2	 public double tField.mdouble 	 java.lang.IllegalArgumentException: field type mismatch
3	 public float tField.mfloat 	 java.lang.IllegalArgumentException: field type mismatch
4	 public int tField.mint 	 java.lang.IllegalArgumentException: field type mismatch
5	 public long tField.mlong 	 java.lang.IllegalArgumentException: field type mismatch
6	 public short tField.mshort 	 java.lang.IllegalArgumentException: field type mismatch
OK:7	 public static boolean tField.sboolean = false
8	 public static byte tField.sbyte 	 java.lang.IllegalArgumentException: field type mismatch
9	 public static double tField.sdouble 	 java.lang.IllegalArgumentException: field type mismatch
10	 public static float tField.sfloat 	 java.lang.IllegalArgumentException: field type mismatch
11	 public static int tField.sint 	 java.lang.IllegalArgumentException: field type mismatch
12	 public static long tField.slong 	 java.lang.IllegalArgumentException: field type mismatch
13	 public static short tField.sshort 	 java.lang.IllegalArgumentException: field type mismatch

** Set bytes to 12 **

0	 public boolean tField.mboolean 	 java.lang.IllegalArgumentException: field type mismatch
OK:1	 public byte tField.mbyte = 12
OK:2	 public double tField.mdouble = 12.0
OK:3	 public float tField.mfloat = 12.0
OK:4	 public int tField.mint = 12
OK:5	 public long tField.mlong = 12
OK:6	 public short tField.mshort = 12
7	 public static boolean tField.sboolean 	 java.lang.IllegalArgumentException: field type mismatch
OK:8	 public static byte tField.sbyte = 12
OK:9	 public static double tField.sdouble = 12.0
OK:10	 public static float tField.sfloat = 12.0
OK:11	 public static int tField.sint = 12
OK:12	 public static long tField.slong = 12
OK:13	 public static short tField.sshort = 12

** Set shorts to 2 **

0	 public boolean tField.mboolean 	 java.lang.IllegalArgumentException: field type mismatch
1	 public byte tField.mbyte 	 java.lang.IllegalArgumentException: field type mismatch
OK:2	 public double tField.mdouble = 2.0
OK:3	 public float tField.mfloat = 2.0
OK:4	 public int tField.mint = 2
OK:5	 public long tField.mlong = 2
OK:6	 public short tField.mshort = 2
7	 public static boolean tField.sboolean 	 java.lang.IllegalArgumentException: field type mismatch
8	 public static byte tField.sbyte 	 java.lang.IllegalArgumentException: field type mismatch
OK:9	 public static double tField.sdouble = 2.0
OK:10	 public static float tField.sfloat = 2.0
OK:11	 public static int tField.sint = 2
OK:12	 public static long tField.slong = 2
OK:13	 public static short tField.sshort = 2

** Set int to 2 **

0	 public boolean tField.mboolean 	 java.lang.IllegalArgumentException: field type mismatch
1	 public byte tField.mbyte 	 java.lang.IllegalArgumentException: field type mismatch
OK:2	 public double tField.mdouble = 2.0
OK:3	 public float tField.mfloat = 2.0
OK:4	 public int tField.mint = 2
OK:5	 public long tField.mlong = 2
6	 public short tField.mshort 	 java.lang.IllegalArgumentException: field type mismatch
7	 public static boolean tField.sboolean 	 java.lang.IllegalArgumentException: field type mismatch
8	 public static byte tField.sbyte 	 java.lang.IllegalArgumentException: field type mismatch
OK:9	 public static double tField.sdouble = 2.0
OK:10	 public static float tField.sfloat = 2.0
OK:11	 public static int tField.sint = 2
OK:12	 public static long tField.slong = 2
13	 public static short tField.sshort 	 java.lang.IllegalArgumentException: field type mismatch

** Set long to 2 **

0	 public boolean tField.mboolean 	 java.lang.IllegalArgumentException: field type mismatch
1	 public byte tField.mbyte 	 java.lang.IllegalArgumentException: field type mismatch
OK:2	 public double tField.mdouble = 2.0
OK:3	 public float tField.mfloat = 2.0
4	 public int tField.mint 	 java.lang.IllegalArgumentException: field type mismatch
OK:5	 public long tField.mlong = 2
6	 public short tField.mshort 	 java.lang.IllegalArgumentException: field type mismatch
7	 public static boolean tField.sboolean 	 java.lang.IllegalArgumentException: field type mismatch
8	 public static byte tField.sbyte 	 java.lang.IllegalArgumentException: field type mismatch
OK:9	 public static double tField.sdouble = 2.0
OK:10	 public static float tField.sfloat = 2.0
11	 public static int tField.sint 	 java.lang.IllegalArgumentException: field type mismatch
OK:12	 public static long tField.slong = 2
13	 public static short tField.sshort 	 java.lang.IllegalArgumentException: field type mismatch

** Set float to 2.0 **

0	 public boolean tField.mboolean 	 java.lang.IllegalArgumentException: field type mismatch
1	 public byte tField.mbyte 	 java.lang.IllegalArgumentException: field type mismatch
OK:2	 public double tField.mdouble = 2.0
OK:3	 public float tField.mfloat = 2.0
4	 public int tField.mint 	 java.lang.IllegalArgumentException: field type mismatch
5	 public long tField.mlong 	 java.lang.IllegalArgumentException: field type mismatch
6	 public short tField.mshort 	 java.lang.IllegalArgumentException: field type mismatch
7	 public static boolean tField.sboolean 	 java.lang.IllegalArgumentException: field type mismatch
8	 public static byte tField.sbyte 	 java.lang.IllegalArgumentException: field type mismatch
OK:9	 public static double tField.sdouble = 2.0
OK:10	 public static float tField.sfloat = 2.0
11	 public static int tField.sint 	 java.lang.IllegalArgumentException: field type mismatch
12	 public static long tField.slong 	 java.lang.IllegalArgumentException: field type mismatch
13	 public static short tField.sshort 	 java.lang.IllegalArgumentException: field type mismatch

** Set double to 2.0 **

0	 public boolean tField.mboolean 	 java.lang.IllegalArgumentException: field type mismatch
1	 public byte tField.mbyte 	 java.lang.IllegalArgumentException: field type mismatch
OK:2	 public double tField.mdouble = 2.0
3	 public float tField.mfloat 	 java.lang.IllegalArgumentException: field type mismatch
4	 public int tField.mint 	 java.lang.IllegalArgumentException: field type mismatch
5	 public long tField.mlong 	 java.lang.IllegalArgumentException: field type mismatch
6	 public short tField.mshort 	 java.lang.IllegalArgumentException: field type mismatch
7	 public static boolean tField.sboolean 	 java.lang.IllegalArgumentException: field type mismatch
8	 public static byte tField.sbyte 	 java.lang.IllegalArgumentException: field type mismatch
OK:9	 public static double tField.sdouble = 2.0
10	 public static float tField.sfloat 	 java.lang.IllegalArgumentException: field type mismatch
11	 public static int tField.sint 	 java.lang.IllegalArgumentException: field type mismatch
12	 public static long tField.slong 	 java.lang.IllegalArgumentException: field type mismatch
13	 public static short tField.sshort 	 java.lang.IllegalArgumentException: field type mismatch
0	 public boolean tField.mboolean = false
1	 public byte tField.mbyte = 12
2	 public double tField.mdouble = 2.0
3	 public float tField.mfloat = 2.0
4	 public int tField.mint = 2
5	 public long tField.mlong = 2
6	 public short tField.mshort = 2
7	 public static boolean tField.sboolean = false
8	 public static byte tField.sbyte = 12
9	 public static double tField.sdouble = 2.0
10	 public static float tField.sfloat = 2.0
11	 public static int tField.sint = 2
12	 public static long tField.slong = 2
13	 public static short tField.sshort = 2
