count is -2014260032
TestInterruptAndSpin SUCCESS
