Creating loop thread and waiting for 1 second...
Loop thread waiting...
Calling System.gc()
