Testing A instanceOf: 100000000000000000000000000000000 casts: 100000000000000000000000000000000 magic: A
Testing B instanceOf: 110000000000000000000000000000000 casts: 110000000000000000000000000000000 magic: B
Testing C instanceOf: 111000000000000000000000000000000 casts: 111000000000000000000000000000000 magic: C
Testing D instanceOf: 100100000000000000000000000000000 casts: 100100000000000000000000000000000 magic: D
Testing E instanceOf: 100110000000000000000000000000000 casts: 100110000000000000000000000000000 magic: E
Testing F instanceOf: 100001000000000000000000000000000 casts: 100001000000000000000000000000000 magic: F
Testing G instanceOf: 100001100000000000000000000000000 casts: 100001100000000000000000000000000 magic: G
Testing H instanceOf: 000000010000000000000000000000000 casts: 000000010000000000000000000000000 magic: H
Testing I instanceOf: 000000011000000000000000000000000 casts: 000000011000000000000000000000000 magic: I
Testing J instanceOf: 000000011100000000000000000000000 casts: 000000011100000000000000000000000 magic: J
Testing P_B instanceOf: 100000000010000000000000000000000 casts: 100000000010000000000000000000000 magic: P_B
Testing P_C1 instanceOf: 110000000001000000000000000000000 casts: 110000000001000000000000000000000 magic: P_C1
Testing P_C2 instanceOf: 100000000010100000000000000000000 casts: 100000000010100000000000000000000 magic: P_C2
Testing P_D instanceOf: 100000000000010000000000000000000 casts: 100000000000010000000000000000000 magic: P_D
Testing P_E1 instanceOf: 100100000000001000000000000000000 casts: 100100000000001000000000000000000 magic: P_E1
Testing P_E2 instanceOf: 100000000000010100000000000000000 casts: 100000000000010100000000000000000 magic: P_E2
Testing P_F instanceOf: 100000000000000010000000000000000 casts: 100000000000000010000000000000000 magic: P_F
Testing P_G1 instanceOf: 100001000000000001000000000000000 casts: 100001000000000001000000000000000 magic: P_G1
Testing P_G2 instanceOf: 100000000000000010100000000000000 casts: 100000000000000010100000000000000 magic: P_G2
Testing P_H instanceOf: 000000000000000000010000000000000 casts: 000000000000000000010000000000000 magic: P_H
Testing P_I1 instanceOf: 000000010000000000001000000000000 casts: 000000010000000000001000000000000 magic: P_I1
Testing P_I2 instanceOf: 000000000000000000010100000000000 casts: 000000000000000000010100000000000 magic: P_I2
Testing P_J1 instanceOf: 000000011000000000000010000000000 casts: 000000011000000000000010000000000 magic: P_J1
Testing P_J2 instanceOf: 000000010000000000001001000000000 casts: 000000010000000000001001000000000 magic: P_J2
Testing P_J3 instanceOf: 000000000000000000010100100000000 casts: 000000000000000000010100100000000 magic: P_J3
Testing O_C1 instanceOf: 100000000010000000000000010000000 casts: 100000000010000000000000010000000 magic: O_C1
Testing O_C2 instanceOf: 100000000010000000000000001000000 casts: 100000000010000000000000001000000 magic: O_C2
Testing O_E instanceOf: 100000000000010000000000000100000 casts: 100000000000010000000000000100000 magic: O_E
Testing O_G instanceOf: 100000000000000010000000000010000 casts: 100000000000000010000000000010000 magic: O_G
Testing O_I1 instanceOf: 000000010000000000000000000001000 casts: 000000010000000000000000000001000 magic: O_I1
Testing O_I2 instanceOf: 000000000000000000010000000000100 casts: 000000000000000000010000000000100 magic: O_I2
Testing O_J1 instanceOf: 000000010000000000001000000000010 casts: 000000010000000000001000000000010 magic: O_J1
Testing O_J2 instanceOf: 000000000000000000010100000000001 casts: 000000000000000000010100000000001 magic: O_J2
