true
-1
A
-3
-4
-5
-6.0
-7.0
Instance of test.org.jikesrvm.basic.core.bytecode.TestFieldAccess
true
-1
A
-3
-4
-5
-6.0
-7.0
Instance of test.org.jikesrvm.basic.core.bytecode.TestFieldAccess
