
-- itest --
Expected: 4 Actual: 4
Expected: 2 Actual: 2
Expected: 9 Actual: 9
Expected: 1 Actual: 1
Expected: 1 Actual: 1
Expected: -3 Actual: -3
Expected: 4 Actual: 4
Expected: 1 Actual: 1
Expected: 7 Actual: 7
Expected: 6 Actual: 6
Expected: -6 Actual: -6
Expected: -2 Actual: -2
Expected: 2147483646 Actual: 2147483646
Expected: 1 Actual: 1
Expected: 0 Actual: 0
Expected: 2 Actual: 2
Expected: -2147483648 Actual: -2147483648
Expected: 1 Actual: 1
Expected: -2147483648 Actual: -2147483648
Expected: 2 Actual: 2
Expected: 1 Actual: 1
Expected: 0 Actual: 0
Expected: 0 Actual: 0
Expected: 0 Actual: 0
Expected: 1 Actual: 1
Expected: 0 Actual: 0
Expected: -2 Actual: -2
Expected: 1 Actual: 1
Expected: 0 Actual: 0
Expected: 0 Actual: 0
Expected: 0 Actual: 0
Expected: 1 Actual: 1
Expected: 0 Actual: 0
Expected: 2147483646 Actual: 2147483646
Expected: true Actual: true
Expected: false Actual: false
Expected: true Actual: true
Expected: true Actual: true
Expected: false Actual: false
Expected: true Actual: true
Expected: taken Actual: taken
Expected: true Actual: true
Expected: false Actual: false
Expected: true Actual: true
Expected: false Actual: false
Expected: true Actual: true
Expected: taken Actual: taken
Expected: true Actual: true
Expected: false Actual: false
Expected: true Actual: true
Expected: false Actual: false
Expected: true Actual: true
Expected: taken Actual: taken
Expected: 10 Actual: 10
Expected: 10 Actual: 10
Expected: -2147483646 Actual: -2147483646
Expected: -2147483646 Actual: -2147483646
Expected: 10 Actual: 10
Expected: 10 Actual: 10
Expected: -2147483646 Actual: -2147483646
Expected: -2147483646 Actual: -2147483646

-- ltest --
Expected: 10000000002 Actual: 10000000002
Expected: 9999999998 Actual: 9999999998
Expected: 20000000000 Actual: 20000000000
Expected: 5000000000 Actual: 5000000000
Expected: 0 Actual: 0
Expected: -2 Actual: -2
Expected: -10000000000 Actual: -10000000000
Expected: 4503599627370497 Actual: 4503599627370497
Expected: 1229482698272145681 Actual: 1229482698272145681
Expected: 1224979098644775184 Actual: 1224979098644775184
Expected: -4294967295 Actual: -4294967295
Expected: 4294967296 Actual: 4294967296
Expected: -8589934591 Actual: -8589934591
Expected: 4294967295 Actual: 4294967295
Expected: -4294967296 Actual: -4294967296
Expected: -4294967297 Actual: -4294967297
Expected: 4294967295 Actual: 4294967295
Expected: -4294967296 Actual: -4294967296
Expected: 8589934591 Actual: 8589934591
Expected: -4294967295 Actual: -4294967295
Expected: 4294967296 Actual: 4294967296
Expected: 4294967297 Actual: 4294967297
Expected: 4294967295 Actual: 4294967295
Expected: -4294967296 Actual: -4294967296
Expected: 8589934591 Actual: 8589934591
Expected: -4294967295 Actual: -4294967295
Expected: 4294967297 Actual: 4294967297
Expected: 4294967295 Actual: 4294967295
Expected: -4294967296 Actual: -4294967296
Expected: 8589934591 Actual: 8589934591
Expected: -4294967295 Actual: -4294967295
Expected: 4294967297 Actual: 4294967297
Expected: 9070106573795063164 Actual: 9070106573795063164
Expected: -306530926119425288 Actual: -306530926119425288
Expected: -613061852238850576 Actual: -613061852238850576
Expected: -1226123704477701152 Actual: -1226123704477701152
Expected: -1171235197933666816 Actual: -1171235197933666816
Expected: -4688305491665879040 Actual: -4688305491665879040
Expected: -3819410108757049344 Actual: -3819410108757049344
Expected: -7638820217514098688 Actual: -7638820217514098688
Expected: 3169103638681354240 Actual: 3169103638681354240
Expected: 6338207277362708480 Actual: 6338207277362708480
Expected: -5770329518984134656 Actual: -5770329518984134656
Expected: -91551935198396416 Actual: -91551935198396416
Expected: -4990551337079930880 Actual: -4990551337079930880
Expected: -4755801206503243776 Actual: -4755801206503243776
Expected: 0 Actual: 0
Expected: -4688318749957244226 Actual: -4688318749957244226
Expected: 9070106573795063164 Actual: 9070106573795063164
Expected: 9070106573795063164 Actual: 9070106573795063164
Expected: -2344159374978622113 Actual: -2344159374978622113
Expected: -1172079687489311057 Actual: -1172079687489311057
Expected: -586039843744655529 Actual: -586039843744655529
Expected: -293019921872327765 Actual: -293019921872327765
Expected: -18313745117020486 Actual: -18313745117020486
Expected: -71538066863362 Actual: -71538066863362
Expected: -1091584273 Actual: -1091584273
Expected: -545792137 Actual: -545792137
Expected: -272896069 Actual: -272896069
Expected: -136448035 Actual: -136448035
Expected: -68224018 Actual: -68224018
Expected: -4264002 Actual: -4264002
Expected: -16657 Actual: -16657
Expected: -66 Actual: -66
Expected: -1 Actual: -1
Expected: -4688318749957244226 Actual: -4688318749957244226
Expected: -2344159374978622113 Actual: -2344159374978622113
Expected: -2344159374978622113 Actual: -2344159374978622113
Expected: 6879212661876153695 Actual: 6879212661876153695
Expected: 3439606330938076847 Actual: 3439606330938076847
Expected: 1719803165469038423 Actual: 1719803165469038423
Expected: 859901582734519211 Actual: 859901582734519211
Expected: 53743848920907450 Actual: 53743848920907450
Expected: 209936909847294 Actual: 209936909847294
Expected: 3203383023 Actual: 3203383023
Expected: 1601691511 Actual: 1601691511
Expected: 800845755 Actual: 800845755
Expected: 400422877 Actual: 400422877
Expected: 200211438 Actual: 200211438
Expected: 12513214 Actual: 12513214
Expected: 48879 Actual: 48879
Expected: 190 Actual: 190
Expected: 1 Actual: 1
Expected: -4688318749957244226 Actual: -4688318749957244226
Expected: 6879212661876153695 Actual: 6879212661876153695
Expected: 6879212661876153695 Actual: 6879212661876153695

-- ftest --
Expected: 0 Actual: 0
Expected: 1 Actual: 1
Expected: 0 Actual: 0
Expected: 1 Actual: 1
Expected: 0 Actual: 0
Expected: 0 Actual: 0
Expected: 0 Actual: 0
Expected: 0 Actual: 0
Expected: 2147483647 Actual: 2147483647
Expected: -2147483648 Actual: -2147483648
Expected: 2147483647 Actual: 2147483647
Expected: -2147483648 Actual: -2147483648
Expected: 2147483647 Actual: 2147483647
Expected: -2147483648 Actual: -2147483648
Expected: 0 Actual: 0
Expected: 1 Actual: 1
Expected: 0 Actual: 0
Expected: 1 Actual: 1
Expected: 0 Actual: 0
Expected: 0 Actual: 0
Expected: 0 Actual: 0
Expected: 0 Actual: 0
Expected: 9223372036854775807 Actual: 9223372036854775807
Expected: -9223372036854775808 Actual: -9223372036854775808
Expected: 9223372036854775807 Actual: 9223372036854775807
Expected: -9223372036854775808 Actual: -9223372036854775808
Expected: 9223372036854775807 Actual: 9223372036854775807
Expected: -9223372036854775808 Actual: -9223372036854775808
Expected: 40400000 Actual: 40400000
Expected: bf800000 Actual: bf800000
Expected: 40000000 Actual: 40000000
Expected: 3f000000 Actual: 3f000000
Expected: bf800000 Actual: bf800000
Expected: 3f19999a Actual: 3f19999a

-- dtest --
Expected: 4008000000000000 Actual: 4008000000000000
Expected: bff0000000000000 Actual: bff0000000000000
Expected: 4000000000000000 Actual: 4000000000000000
Expected: 3fe0000000000000 Actual: 3fe0000000000000
Expected: bff0000000000000 Actual: bff0000000000000
Expected: 3fe3333333333333 Actual: 3fe3333333333333

-- nanTestFloat --
  expr     expected    got    
---------- -------- ----------
NaN <  NaN  false     false
NaN <= NaN  false     false
NaN == NaN  false     false
NaN != NaN  true      true
NaN >= NaN  false     false
NaN >  NaN  false     false

-- nanTestDouble --
  expr     expected    got    
---------- -------- ----------
NaN <  NaN  false     false
NaN <= NaN  false     false
NaN == NaN  false     false
NaN != NaN  true      true
NaN >= NaN  false     false
NaN >  NaN  false     false

-- remTest --
2.0  /  3.0=3fe5555555555555
2.0  %  3.0=4000000000000000
2.0 rem 3.0=bff0000000000000

2.0  /  -3.0=bfe5555555555555
2.0  %  -3.0=4000000000000000
2.0 rem -3.0=bff0000000000000

-2.0  /  3.0=bfe5555555555555
-2.0  %  3.0=c000000000000000
-2.0 rem 3.0=3ff0000000000000

-2.0  /  -3.0=3fe5555555555555
-2.0  %  -3.0=c000000000000000
-2.0 rem -3.0=3ff0000000000000

