TypeA.<clinit>()
TypeA.f()
123
TypeB.<clinit>()
TypeB.f()
456
TypeC.<clinit>()
TypeD.<clinit>()
123
