AbstractClass.someMethod(6,7) Expected: 42 Actual: 42
