VolanoChat(TM) Server Version 2.1.2
Copyright (C) 1996-1999 Volano LLC.  All rights reserved.
Loading server properties from ./properties.txt.
rios2.watson.ibm.com (9.2.251.90) VolanoChatPro - unlimited connections.
